Microsoft Windows [Version 10.0.19041.1415]
(c) Microsoft Corporation. All rights reserved.

C:\Windows\system32>cd ..

C:\Windows>cd ..

C:\>cd users

C:\Users>cd downloads
The system cannot find the path specified.

C:\Users>cd Downloads
The system cannot find the path specified.

C:\Users>dir-s
'dir-s' is not recognized as an internal or external command,
operable program or batch file.

C:\Users>dir -s
 Volume in drive C has no label.
 Volume Serial Number is BEE2-FBA2

 Directory of C:\Users

File Not Found

C:\Users>cd ABCD

C:\Users\ABCD>cd downloads

C:\Users\ABCD\Downloads>cd voice

C:\Users\ABCD\Downloads\voice>dir -s
 Volume in drive C has no label.
 Volume Serial Number is BEE2-FBA2

 Directory of C:\Users\ABCD\Downloads\voice

File Not Found

C:\Users\ABCD\Downloads\voice>pip install -r requirements.txt
ERROR: Could not open requirements file: [Errno 2] No such file or directory: 'requirements.txt'

C:\Users\ABCD\Downloads\voice>pip install -r requirementsF.txt
Collecting pyttsx3==2.7
  Downloading pyttsx3-2.7-py3-none-any.whl (30 kB)
Collecting numpy==1.18.2
  Downloading numpy-1.18.2.zip (5.4 MB)
     ---------------------------------------- 5.4/5.4 MB 1.9 MB/s eta 0:00:00
  Installing build dependencies ... done
  Getting requirements to build wheel ... done
  Preparing metadata (pyproject.toml) ... error
  error: subprocess-exited-with-error

  × Preparing metadata (pyproject.toml) did not run successfully.
  │ exit code: 1
  ╰─> [199 lines of output]
      Running from numpy source directory.
      setup.py:461: UserWarning: Unrecognized setuptools command, proceeding with generating Cython sources and expanding templates
        run_build = parse_setuppy_commands()
      C:\Users\ABCD\AppData\Local\Temp\pip-install-plezudzb\numpy_b9b9b665d6084977b72e84f877074604\tools\cythonize.py:75: DeprecationWarning: distutils Version classes are deprecated. Use packaging.version instead.
        required_version = LooseVersion('0.29.14')
      C:\Users\ABCD\AppData\Local\Temp\pip-install-plezudzb\numpy_b9b9b665d6084977b72e84f877074604\tools\cythonize.py:77: DeprecationWarning: distutils Version classes are deprecated. Use packaging.version instead.
        if LooseVersion(cython_version) < required_version:
      Processing numpy/random\_bounded_integers.pxd.in
      Processing numpy/random\mtrand.pyx
      Processing numpy/random\_bit_generator.pyx
      Processing numpy/random\_bounded_integers.pyx.in
      Processing numpy/random\_common.pyx
      Processing numpy/random\_generator.pyx
      Processing numpy/random\_mt19937.pyx
      Processing numpy/random\_pcg64.pyx
      Processing numpy/random\_philox.pyx
      Processing numpy/random\_sfc64.pyx
      Cythonizing sources
      blas_opt_info:
      blas_mkl_info:
      No module named 'numpy.distutils._msvccompiler' in numpy.distutils; trying from distutils
      customize MSVCCompiler
        libraries mkl_rt not found in ['C:\\Users\\ABCD\\AppData\\Local\\Programs\\Python\\Python310\\lib', 'C:\\', 'C:\\Users\\ABCD\\AppData\\Local\\Programs\\Python\\Python310\\libs']
        NOT AVAILABLE

      blis_info:
        libraries blis not found in ['C:\\Users\\ABCD\\AppData\\Local\\Programs\\Python\\Python310\\lib', 'C:\\', 'C:\\Users\\ABCD\\AppData\\Local\\Programs\\Python\\Python310\\libs']
        NOT AVAILABLE

      openblas_info:
        libraries openblas not found in ['C:\\Users\\ABCD\\AppData\\Local\\Programs\\Python\\Python310\\lib', 'C:\\', 'C:\\Users\\ABCD\\AppData\\Local\\Programs\\Python\\Python310\\libs']
      get_default_fcompiler: matching types: '['gnu', 'intelv', 'absoft', 'compaqv', 'intelev', 'gnu95', 'g95', 'intelvem', 'intelem', 'flang']'
      customize GnuFCompiler
      Could not locate executable g77
      Could not locate executable f77
      customize IntelVisualFCompiler
      Could not locate executable ifort
      Could not locate executable ifl
      customize AbsoftFCompiler
      Could not locate executable f90
      customize CompaqVisualFCompiler
      Could not locate executable DF
      customize IntelItaniumVisualFCompiler
      Could not locate executable efl
      customize Gnu95FCompiler
      Could not locate executable gfortran
      Could not locate executable f95
      customize G95FCompiler
      Could not locate executable g95
      customize IntelEM64VisualFCompiler
      customize IntelEM64TFCompiler
      Could not locate executable efort
      Could not locate executable efc
      customize PGroupFlangCompiler
      Could not locate executable flang
      don't know how to compile Fortran code on platform 'nt'
        NOT AVAILABLE

      atlas_3_10_blas_threads_info:
      Setting PTATLAS=ATLAS
        libraries tatlas not found in ['C:\\Users\\ABCD\\AppData\\Local\\Programs\\Python\\Python310\\lib', 'C:\\', 'C:\\Users\\ABCD\\AppData\\Local\\Programs\\Python\\Python310\\libs']
        NOT AVAILABLE

      atlas_3_10_blas_info:
        libraries satlas not found in ['C:\\Users\\ABCD\\AppData\\Local\\Programs\\Python\\Python310\\lib', 'C:\\', 'C:\\Users\\ABCD\\AppData\\Local\\Programs\\Python\\Python310\\libs']
        NOT AVAILABLE

      atlas_blas_threads_info:
      Setting PTATLAS=ATLAS
        libraries ptf77blas,ptcblas,atlas not found in ['C:\\Users\\ABCD\\AppData\\Local\\Programs\\Python\\Python310\\lib', 'C:\\', 'C:\\Users\\ABCD\\AppData\\Local\\Programs\\Python\\Python310\\libs']
        NOT AVAILABLE

      atlas_blas_info:
        libraries f77blas,cblas,atlas not found in ['C:\\Users\\ABCD\\AppData\\Local\\Programs\\Python\\Python310\\lib', 'C:\\', 'C:\\Users\\ABCD\\AppData\\Local\\Programs\\Python\\Python310\\libs']
        NOT AVAILABLE

      accelerate_info:
        NOT AVAILABLE

      C:\Users\ABCD\AppData\Local\Temp\pip-install-plezudzb\numpy_b9b9b665d6084977b72e84f877074604\numpy\distutils\system_info.py:1896: UserWarning:
          Optimized (vendor) Blas libraries are not found.
          Falls back to netlib Blas library which has worse performance.
          A better performance should be easily gained by switching
          Blas library.
        if self._calc_info(blas):
      blas_info:
        libraries blas not found in ['C:\\Users\\ABCD\\AppData\\Local\\Programs\\Python\\Python310\\lib', 'C:\\', 'C:\\Users\\ABCD\\AppData\\Local\\Programs\\Python\\Python310\\libs']
        NOT AVAILABLE

      C:\Users\ABCD\AppData\Local\Temp\pip-install-plezudzb\numpy_b9b9b665d6084977b72e84f877074604\numpy\distutils\system_info.py:1896: UserWarning:
          Blas (http://www.netlib.org/blas/) libraries not found.
          Directories to search for the libraries can be specified in the
          numpy/distutils/site.cfg file (section [blas]) or by setting
          the BLAS environment variable.
        if self._calc_info(blas):
      blas_src_info:
        NOT AVAILABLE

      C:\Users\ABCD\AppData\Local\Temp\pip-install-plezudzb\numpy_b9b9b665d6084977b72e84f877074604\numpy\distutils\system_info.py:1896: UserWarning:
          Blas (http://www.netlib.org/blas/) sources not found.
          Directories to search for the sources can be specified in the
          numpy/distutils/site.cfg file (section [blas_src]) or by setting
          the BLAS_SRC environment variable.
        if self._calc_info(blas):
        NOT AVAILABLE

      non-existing path in 'numpy\\distutils': 'site.cfg'
      lapack_opt_info:
      lapack_mkl_info:
        libraries mkl_rt not found in ['C:\\Users\\ABCD\\AppData\\Local\\Programs\\Python\\Python310\\lib', 'C:\\', 'C:\\Users\\ABCD\\AppData\\Local\\Programs\\Python\\Python310\\libs']
        NOT AVAILABLE

      openblas_lapack_info:
        libraries openblas not found in ['C:\\Users\\ABCD\\AppData\\Local\\Programs\\Python\\Python310\\lib', 'C:\\', 'C:\\Users\\ABCD\\AppData\\Local\\Programs\\Python\\Python310\\libs']
        NOT AVAILABLE

      openblas_clapack_info:
        libraries openblas,lapack not found in ['C:\\Users\\ABCD\\AppData\\Local\\Programs\\Python\\Python310\\lib', 'C:\\', 'C:\\Users\\ABCD\\AppData\\Local\\Programs\\Python\\Python310\\libs']
        NOT AVAILABLE

      flame_info:
        libraries flame not found in ['C:\\Users\\ABCD\\AppData\\Local\\Programs\\Python\\Python310\\lib', 'C:\\', 'C:\\Users\\ABCD\\AppData\\Local\\Programs\\Python\\Python310\\libs']
        NOT AVAILABLE

      atlas_3_10_threads_info:
      Setting PTATLAS=ATLAS
        libraries lapack_atlas not found in C:\Users\ABCD\AppData\Local\Programs\Python\Python310\lib
        libraries tatlas,tatlas not found in C:\Users\ABCD\AppData\Local\Programs\Python\Python310\lib
        libraries lapack_atlas not found in C:\
        libraries tatlas,tatlas not found in C:\
        libraries lapack_atlas not found in C:\Users\ABCD\AppData\Local\Programs\Python\Python310\libs
        libraries tatlas,tatlas not found in C:\Users\ABCD\AppData\Local\Programs\Python\Python310\libs
      <class 'numpy.distutils.system_info.atlas_3_10_threads_info'>
        NOT AVAILABLE

      atlas_3_10_info:
        libraries lapack_atlas not found in C:\Users\ABCD\AppData\Local\Programs\Python\Python310\lib
        libraries satlas,satlas not found in C:\Users\ABCD\AppData\Local\Programs\Python\Python310\lib
        libraries lapack_atlas not found in C:\
        libraries satlas,satlas not found in C:\
        libraries lapack_atlas not found in C:\Users\ABCD\AppData\Local\Programs\Python\Python310\libs
        libraries satlas,satlas not found in C:\Users\ABCD\AppData\Local\Programs\Python\Python310\libs
      <class 'numpy.distutils.system_info.atlas_3_10_info'>
        NOT AVAILABLE

      atlas_threads_info:
      Setting PTATLAS=ATLAS
        libraries lapack_atlas not found in C:\Users\ABCD\AppData\Local\Programs\Python\Python310\lib
        libraries ptf77blas,ptcblas,atlas not found in C:\Users\ABCD\AppData\Local\Programs\Python\Python310\lib
        libraries lapack_atlas not found in C:\
        libraries ptf77blas,ptcblas,atlas not found in C:\
        libraries lapack_atlas not found in C:\Users\ABCD\AppData\Local\Programs\Python\Python310\libs
        libraries ptf77blas,ptcblas,atlas not found in C:\Users\ABCD\AppData\Local\Programs\Python\Python310\libs
      <class 'numpy.distutils.system_info.atlas_threads_info'>
        NOT AVAILABLE

      atlas_info:
        libraries lapack_atlas not found in C:\Users\ABCD\AppData\Local\Programs\Python\Python310\lib
        libraries f77blas,cblas,atlas not found in C:\Users\ABCD\AppData\Local\Programs\Python\Python310\lib
        libraries lapack_atlas not found in C:\
        libraries f77blas,cblas,atlas not found in C:\
        libraries lapack_atlas not found in C:\Users\ABCD\AppData\Local\Programs\Python\Python310\libs
        libraries f77blas,cblas,atlas not found in C:\Users\ABCD\AppData\Local\Programs\Python\Python310\libs
      <class 'numpy.distutils.system_info.atlas_info'>
        NOT AVAILABLE

      lapack_info:
        libraries lapack not found in ['C:\\Users\\ABCD\\AppData\\Local\\Programs\\Python\\Python310\\lib', 'C:\\', 'C:\\Users\\ABCD\\AppData\\Local\\Programs\\Python\\Python310\\libs']
        NOT AVAILABLE

      C:\Users\ABCD\AppData\Local\Temp\pip-install-plezudzb\numpy_b9b9b665d6084977b72e84f877074604\numpy\distutils\system_info.py:1730: UserWarning:
          Lapack (http://www.netlib.org/lapack/) libraries not found.
          Directories to search for the libraries can be specified in the
          numpy/distutils/site.cfg file (section [lapack]) or by setting
          the LAPACK environment variable.
        return getattr(self, '_calc_info_{}'.format(name))()
      lapack_src_info:
        NOT AVAILABLE

      C:\Users\ABCD\AppData\Local\Temp\pip-install-plezudzb\numpy_b9b9b665d6084977b72e84f877074604\numpy\distutils\system_info.py:1730: UserWarning:
          Lapack (http://www.netlib.org/lapack/) sources not found.
          Directories to search for the sources can be specified in the
          numpy/distutils/site.cfg file (section [lapack_src]) or by setting
          the LAPACK_SRC environment variable.
        return getattr(self, '_calc_info_{}'.format(name))()
        NOT AVAILABLE

      C:\Users\ABCD\AppData\Local\Temp\pip-build-env-8oom5y1m\overlay\Lib\site-packages\setuptools\_distutils\dist.py:275: UserWarning: Unknown distribution option: 'define_macros'
        warnings.warn(msg)
      running dist_info
      running build_src
      build_src
      building py_modules sources
      creating build
      creating build\src.win-amd64-3.10
      creating build\src.win-amd64-3.10\numpy
      creating build\src.win-amd64-3.10\numpy\distutils
      building library "npymath" sources
      error: Microsoft Visual C++ 14.0 or greater is required. Get it with "Microsoft C++ Build Tools": https://visualstudio.microsoft.com/visual-cpp-build-tools/
      [end of output]

  note: This error originates from a subprocess, and is likely not a problem with pip.
error: metadata-generation-failed

× Encountered error while generating package metadata.
╰─> See above for output.

note: This is an issue with the package mentioned above, not pip.
hint: See above for details.

C:\Users\ABCD\Downloads\voice>pip install -r requirementsF.txt
Collecting pyttsx3==2.7
  Using cached pyttsx3-2.7-py3-none-any.whl (30 kB)
Collecting numpy==1.18.2
  Using cached numpy-1.18.2.zip (5.4 MB)
  Installing build dependencies ... done
  Getting requirements to build wheel ... done
  Preparing metadata (pyproject.toml) ... error
  error: subprocess-exited-with-error

  × Preparing metadata (pyproject.toml) did not run successfully.
  │ exit code: 1
  ╰─> [199 lines of output]
      Running from numpy source directory.
      setup.py:461: UserWarning: Unrecognized setuptools command, proceeding with generating Cython sources and expanding templates
        run_build = parse_setuppy_commands()
      C:\Users\ABCD\AppData\Local\Temp\pip-install-x2avfq3a\numpy_0be7319161134316be0cc6ba733277a9\tools\cythonize.py:75: DeprecationWarning: distutils Version classes are deprecated. Use packaging.version instead.
        required_version = LooseVersion('0.29.14')
      C:\Users\ABCD\AppData\Local\Temp\pip-install-x2avfq3a\numpy_0be7319161134316be0cc6ba733277a9\tools\cythonize.py:77: DeprecationWarning: distutils Version classes are deprecated. Use packaging.version instead.
        if LooseVersion(cython_version) < required_version:
      Processing numpy/random\_bounded_integers.pxd.in
      Processing numpy/random\mtrand.pyx
      Processing numpy/random\_bit_generator.pyx
      Processing numpy/random\_bounded_integers.pyx.in
      Processing numpy/random\_common.pyx
      Processing numpy/random\_generator.pyx
      Processing numpy/random\_mt19937.pyx
      Processing numpy/random\_pcg64.pyx
      Processing numpy/random\_philox.pyx
      Processing numpy/random\_sfc64.pyx
      Cythonizing sources
      blas_opt_info:
      blas_mkl_info:
      No module named 'numpy.distutils._msvccompiler' in numpy.distutils; trying from distutils
      customize MSVCCompiler
        libraries mkl_rt not found in ['C:\\Users\\ABCD\\AppData\\Local\\Programs\\Python\\Python310\\lib', 'C:\\', 'C:\\Users\\ABCD\\AppData\\Local\\Programs\\Python\\Python310\\libs']
        NOT AVAILABLE

      blis_info:
        libraries blis not found in ['C:\\Users\\ABCD\\AppData\\Local\\Programs\\Python\\Python310\\lib', 'C:\\', 'C:\\Users\\ABCD\\AppData\\Local\\Programs\\Python\\Python310\\libs']
        NOT AVAILABLE

      openblas_info:
        libraries openblas not found in ['C:\\Users\\ABCD\\AppData\\Local\\Programs\\Python\\Python310\\lib', 'C:\\', 'C:\\Users\\ABCD\\AppData\\Local\\Programs\\Python\\Python310\\libs']
      get_default_fcompiler: matching types: '['gnu', 'intelv', 'absoft', 'compaqv', 'intelev', 'gnu95', 'g95', 'intelvem', 'intelem', 'flang']'
      customize GnuFCompiler
      Could not locate executable g77
      Could not locate executable f77
      customize IntelVisualFCompiler
      Could not locate executable ifort
      Could not locate executable ifl
      customize AbsoftFCompiler
      Could not locate executable f90
      customize CompaqVisualFCompiler
      Could not locate executable DF
      customize IntelItaniumVisualFCompiler
      Could not locate executable efl
      customize Gnu95FCompiler
      Could not locate executable gfortran
      Could not locate executable f95
      customize G95FCompiler
      Could not locate executable g95
      customize IntelEM64VisualFCompiler
      customize IntelEM64TFCompiler
      Could not locate executable efort
      Could not locate executable efc
      customize PGroupFlangCompiler
      Could not locate executable flang
      don't know how to compile Fortran code on platform 'nt'
        NOT AVAILABLE

      atlas_3_10_blas_threads_info:
      Setting PTATLAS=ATLAS
        libraries tatlas not found in ['C:\\Users\\ABCD\\AppData\\Local\\Programs\\Python\\Python310\\lib', 'C:\\', 'C:\\Users\\ABCD\\AppData\\Local\\Programs\\Python\\Python310\\libs']
        NOT AVAILABLE

      atlas_3_10_blas_info:
        libraries satlas not found in ['C:\\Users\\ABCD\\AppData\\Local\\Programs\\Python\\Python310\\lib', 'C:\\', 'C:\\Users\\ABCD\\AppData\\Local\\Programs\\Python\\Python310\\libs']
        NOT AVAILABLE

      atlas_blas_threads_info:
      Setting PTATLAS=ATLAS
        libraries ptf77blas,ptcblas,atlas not found in ['C:\\Users\\ABCD\\AppData\\Local\\Programs\\Python\\Python310\\lib', 'C:\\', 'C:\\Users\\ABCD\\AppData\\Local\\Programs\\Python\\Python310\\libs']
        NOT AVAILABLE

      atlas_blas_info:
        libraries f77blas,cblas,atlas not found in ['C:\\Users\\ABCD\\AppData\\Local\\Programs\\Python\\Python310\\lib', 'C:\\', 'C:\\Users\\ABCD\\AppData\\Local\\Programs\\Python\\Python310\\libs']
        NOT AVAILABLE

      accelerate_info:
        NOT AVAILABLE

      C:\Users\ABCD\AppData\Local\Temp\pip-install-x2avfq3a\numpy_0be7319161134316be0cc6ba733277a9\numpy\distutils\system_info.py:1896: UserWarning:
          Optimized (vendor) Blas libraries are not found.
          Falls back to netlib Blas library which has worse performance.
          A better performance should be easily gained by switching
          Blas library.
        if self._calc_info(blas):
      blas_info:
        libraries blas not found in ['C:\\Users\\ABCD\\AppData\\Local\\Programs\\Python\\Python310\\lib', 'C:\\', 'C:\\Users\\ABCD\\AppData\\Local\\Programs\\Python\\Python310\\libs']
        NOT AVAILABLE

      C:\Users\ABCD\AppData\Local\Temp\pip-install-x2avfq3a\numpy_0be7319161134316be0cc6ba733277a9\numpy\distutils\system_info.py:1896: UserWarning:
          Blas (http://www.netlib.org/blas/) libraries not found.
          Directories to search for the libraries can be specified in the
          numpy/distutils/site.cfg file (section [blas]) or by setting
          the BLAS environment variable.
        if self._calc_info(blas):
      blas_src_info:
        NOT AVAILABLE

      C:\Users\ABCD\AppData\Local\Temp\pip-install-x2avfq3a\numpy_0be7319161134316be0cc6ba733277a9\numpy\distutils\system_info.py:1896: UserWarning:
          Blas (http://www.netlib.org/blas/) sources not found.
          Directories to search for the sources can be specified in the
          numpy/distutils/site.cfg file (section [blas_src]) or by setting
          the BLAS_SRC environment variable.
        if self._calc_info(blas):
        NOT AVAILABLE

      non-existing path in 'numpy\\distutils': 'site.cfg'
      lapack_opt_info:
      lapack_mkl_info:
        libraries mkl_rt not found in ['C:\\Users\\ABCD\\AppData\\Local\\Programs\\Python\\Python310\\lib', 'C:\\', 'C:\\Users\\ABCD\\AppData\\Local\\Programs\\Python\\Python310\\libs']
        NOT AVAILABLE

      openblas_lapack_info:
        libraries openblas not found in ['C:\\Users\\ABCD\\AppData\\Local\\Programs\\Python\\Python310\\lib', 'C:\\', 'C:\\Users\\ABCD\\AppData\\Local\\Programs\\Python\\Python310\\libs']
        NOT AVAILABLE

      openblas_clapack_info:
        libraries openblas,lapack not found in ['C:\\Users\\ABCD\\AppData\\Local\\Programs\\Python\\Python310\\lib', 'C:\\', 'C:\\Users\\ABCD\\AppData\\Local\\Programs\\Python\\Python310\\libs']
        NOT AVAILABLE

      flame_info:
        libraries flame not found in ['C:\\Users\\ABCD\\AppData\\Local\\Programs\\Python\\Python310\\lib', 'C:\\', 'C:\\Users\\ABCD\\AppData\\Local\\Programs\\Python\\Python310\\libs']
        NOT AVAILABLE

      atlas_3_10_threads_info:
      Setting PTATLAS=ATLAS
        libraries lapack_atlas not found in C:\Users\ABCD\AppData\Local\Programs\Python\Python310\lib
        libraries tatlas,tatlas not found in C:\Users\ABCD\AppData\Local\Programs\Python\Python310\lib
        libraries lapack_atlas not found in C:\
        libraries tatlas,tatlas not found in C:\
        libraries lapack_atlas not found in C:\Users\ABCD\AppData\Local\Programs\Python\Python310\libs
        libraries tatlas,tatlas not found in C:\Users\ABCD\AppData\Local\Programs\Python\Python310\libs
      <class 'numpy.distutils.system_info.atlas_3_10_threads_info'>
        NOT AVAILABLE

      atlas_3_10_info:
        libraries lapack_atlas not found in C:\Users\ABCD\AppData\Local\Programs\Python\Python310\lib
        libraries satlas,satlas not found in C:\Users\ABCD\AppData\Local\Programs\Python\Python310\lib
        libraries lapack_atlas not found in C:\
        libraries satlas,satlas not found in C:\
        libraries lapack_atlas not found in C:\Users\ABCD\AppData\Local\Programs\Python\Python310\libs
        libraries satlas,satlas not found in C:\Users\ABCD\AppData\Local\Programs\Python\Python310\libs
      <class 'numpy.distutils.system_info.atlas_3_10_info'>
        NOT AVAILABLE

      atlas_threads_info:
      Setting PTATLAS=ATLAS
        libraries lapack_atlas not found in C:\Users\ABCD\AppData\Local\Programs\Python\Python310\lib
        libraries ptf77blas,ptcblas,atlas not found in C:\Users\ABCD\AppData\Local\Programs\Python\Python310\lib
        libraries lapack_atlas not found in C:\
        libraries ptf77blas,ptcblas,atlas not found in C:\
        libraries lapack_atlas not found in C:\Users\ABCD\AppData\Local\Programs\Python\Python310\libs
        libraries ptf77blas,ptcblas,atlas not found in C:\Users\ABCD\AppData\Local\Programs\Python\Python310\libs
      <class 'numpy.distutils.system_info.atlas_threads_info'>
        NOT AVAILABLE

      atlas_info:
        libraries lapack_atlas not found in C:\Users\ABCD\AppData\Local\Programs\Python\Python310\lib
        libraries f77blas,cblas,atlas not found in C:\Users\ABCD\AppData\Local\Programs\Python\Python310\lib
        libraries lapack_atlas not found in C:\
        libraries f77blas,cblas,atlas not found in C:\
        libraries lapack_atlas not found in C:\Users\ABCD\AppData\Local\Programs\Python\Python310\libs
        libraries f77blas,cblas,atlas not found in C:\Users\ABCD\AppData\Local\Programs\Python\Python310\libs
      <class 'numpy.distutils.system_info.atlas_info'>
        NOT AVAILABLE

      lapack_info:
        libraries lapack not found in ['C:\\Users\\ABCD\\AppData\\Local\\Programs\\Python\\Python310\\lib', 'C:\\', 'C:\\Users\\ABCD\\AppData\\Local\\Programs\\Python\\Python310\\libs']
        NOT AVAILABLE

      C:\Users\ABCD\AppData\Local\Temp\pip-install-x2avfq3a\numpy_0be7319161134316be0cc6ba733277a9\numpy\distutils\system_info.py:1730: UserWarning:
          Lapack (http://www.netlib.org/lapack/) libraries not found.
          Directories to search for the libraries can be specified in the
          numpy/distutils/site.cfg file (section [lapack]) or by setting
          the LAPACK environment variable.
        return getattr(self, '_calc_info_{}'.format(name))()
      lapack_src_info:
        NOT AVAILABLE

      C:\Users\ABCD\AppData\Local\Temp\pip-install-x2avfq3a\numpy_0be7319161134316be0cc6ba733277a9\numpy\distutils\system_info.py:1730: UserWarning:
          Lapack (http://www.netlib.org/lapack/) sources not found.
          Directories to search for the sources can be specified in the
          numpy/distutils/site.cfg file (section [lapack_src]) or by setting
          the LAPACK_SRC environment variable.
        return getattr(self, '_calc_info_{}'.format(name))()
        NOT AVAILABLE

      C:\Users\ABCD\AppData\Local\Temp\pip-build-env-93tgv0zz\overlay\Lib\site-packages\setuptools\_distutils\dist.py:275: UserWarning: Unknown distribution option: 'define_macros'
        warnings.warn(msg)
      running dist_info
      running build_src
      build_src
      building py_modules sources
      creating build
      creating build\src.win-amd64-3.10
      creating build\src.win-amd64-3.10\numpy
      creating build\src.win-amd64-3.10\numpy\distutils
      building library "npymath" sources
      error: Microsoft Visual C++ 14.0 or greater is required. Get it with "Microsoft C++ Build Tools": https://visualstudio.microsoft.com/visual-cpp-build-tools/
      [end of output]

  note: This error originates from a subprocess, and is likely not a problem with pip.
error: metadata-generation-failed

× Encountered error while generating package metadata.
╰─> See above for output.

note: This is an issue with the package mentioned above, not pip.
hint: See above for details.

C:\Users\ABCD\Downloads\voice>python aisha-main-py
python: can't open file 'C:\\Users\\ABCD\\Downloads\\voice\\aisha-main-py': [Errno 2] No such file or directory

C:\Users\ABCD\Downloads\voice>pip install PIL
ERROR: Could not find a version that satisfies the requirement PIL (from versions: none)
ERROR: No matching distribution found for PIL

C:\Users\ABCD\Downloads\voice>pip install ImageTK
ERROR: Could not find a version that satisfies the requirement ImageTK (from versions: none)
ERROR: No matching distribution found for ImageTK

C:\Users\ABCD\Downloads\voice>pip install Image
Requirement already satisfied: Image in c:\users\abcd\appdata\local\programs\python\python310\lib\site-packages (1.5.33)
Requirement already satisfied: pillow in c:\users\abcd\appdata\local\programs\python\python310\lib\site-packages (from Image) (9.1.0)
Requirement already satisfied: django in c:\users\abcd\appdata\local\programs\python\python310\lib\site-packages (from Image) (4.0.4)
Requirement already satisfied: six in c:\users\abcd\appdata\local\programs\python\python310\lib\site-packages (from Image) (1.16.0)
Requirement already satisfied: sqlparse>=0.2.2 in c:\users\abcd\appdata\local\programs\python\python310\lib\site-packages (from django->Image) (0.4.2)
Requirement already satisfied: asgiref<4,>=3.4.1 in c:\users\abcd\appdata\local\programs\python\python310\lib\site-packages (from django->Image) (3.5.0)
Requirement already satisfied: tzdata in c:\users\abcd\appdata\local\programs\python\python310\lib\site-packages (from django->Image) (2022.1)

C:\Users\ABCD\Downloads\voice>pip unintall PIL
ERROR: unknown command "unintall" - maybe you meant "uninstall"

C:\Users\ABCD\Downloads\voice>pip intall PIL
ERROR: unknown command "intall" - maybe you meant "install"

C:\Users\ABCD\Downloads\voice>python -m pip install Image
Requirement already satisfied: Image in c:\users\abcd\appdata\local\programs\python\python310\lib\site-packages (1.5.33)
Requirement already satisfied: pillow in c:\users\abcd\appdata\local\programs\python\python310\lib\site-packages (from Image) (9.1.0)
Requirement already satisfied: django in c:\users\abcd\appdata\local\programs\python\python310\lib\site-packages (from Image) (4.0.4)
Requirement already satisfied: six in c:\users\abcd\appdata\local\programs\python\python310\lib\site-packages (from Image) (1.16.0)
Requirement already satisfied: tzdata in c:\users\abcd\appdata\local\programs\python\python310\lib\site-packages (from django->Image) (2022.1)
Requirement already satisfied: sqlparse>=0.2.2 in c:\users\abcd\appdata\local\programs\python\python310\lib\site-packages (from django->Image) (0.4.2)
Requirement already satisfied: asgiref<4,>=3.4.1 in c:\users\abcd\appdata\local\programs\python\python310\lib\site-packages (from django->Image) (3.5.0)

C:\Users\ABCD\Downloads\voice>easy_Install Pillow
'easy_Install' is not recognized as an internal or external command,
operable program or batch file.

C:\Users\ABCD\Downloads\voice>pip easy_Install Pillow
ERROR: unknown command "easy_Install" - maybe you meant "install"

C:\Users\ABCD\Downloads\voice>pip install SpeechRecognition==3.8.1
Collecting SpeechRecognition==3.8.1
  Using cached SpeechRecognition-3.8.1-py2.py3-none-any.whl (32.8 MB)
Installing collected packages: SpeechRecognition
Successfully installed SpeechRecognition-3.8.1

C:\Users\ABCD\Downloads\voice>pip uninstall Pillow
Found existing installation: Pillow 9.1.0
Uninstalling Pillow-9.1.0:
  Would remove:
    c:\users\abcd\appdata\local\programs\python\python310\lib\site-packages\pil\*
    c:\users\abcd\appdata\local\programs\python\python310\lib\site-packages\pillow-9.1.0.dist-info\*
Proceed (Y/n)? y
  Successfully uninstalled Pillow-9.1.0

C:\Users\ABCD\Downloads\voice>pip install Pillow
Collecting Pillow
  Using cached Pillow-9.1.0-cp310-cp310-win_amd64.whl (3.3 MB)
Installing collected packages: Pillow
Successfully installed Pillow-9.1.0

C:\Users\ABCD\Downloads\voice>pip install win32
ERROR: Could not find a version that satisfies the requirement win32 (from versions: none)
ERROR: No matching distribution found for win32

C:\Users\ABCD\Downloads\voice>pip install pywin32
Collecting pywin32
  Downloading pywin32-304-cp310-cp310-win_amd64.whl (12.1 MB)
     ---------------------------------------- 12.1/12.1 MB 845.1 kB/s eta 0:00:00
Installing collected packages: pywin32
Successfully installed pywin32-304

C:\Users\ABCD\Downloads\voice>pip install pyiwin32
ERROR: Could not find a version that satisfies the requirement pyiwin32 (from versions: none)
ERROR: No matching distribution found for pyiwin32

C:\Users\ABCD\Downloads\voice>pip install pyiwin32com
ERROR: Could not find a version that satisfies the requirement pyiwin32com (from versions: none)
ERROR: No matching distribution found for pyiwin32com

C:\Users\ABCD\Downloads\voice>pip install pywin32com
ERROR: Could not find a version that satisfies the requirement pywin32com (from versions: none)
ERROR: No matching distribution found for pywin32com

C:\Users\ABCD\Downloads\voice>pip install pywin32
Requirement already satisfied: pywin32 in c:\users\abcd\appdata\local\programs\python\python310\lib\site-packages (304)

C:\Users\ABCD\Downloads\voice>pip install ptpiwin32
ERROR: Could not find a version that satisfies the requirement ptpiwin32 (from versions: none)
ERROR: No matching distribution found for ptpiwin32

C:\Users\ABCD\Downloads\voice>pip install pypiwin32
Collecting pypiwin32
  Using cached pypiwin32-223-py3-none-any.whl (1.7 kB)
Requirement already satisfied: pywin32>=223 in c:\users\abcd\appdata\local\programs\python\python310\lib\site-packages (from pypiwin32) (304)
Installing collected packages: pypiwin32
Successfully installed pypiwin32-223

C:\Users\ABCD\Downloads\voice>pip install PyAudio
Collecting PyAudio
  Using cached PyAudio-0.2.11.tar.gz (37 kB)
  Preparing metadata (setup.py) ... done
Using legacy 'setup.py install' for PyAudio, since package 'wheel' is not installed.
Installing collected packages: PyAudio
  Running setup.py install for PyAudio ... error
  error: subprocess-exited-with-error

  × Running setup.py install for PyAudio did not run successfully.
  │ exit code: 1
  ╰─> [9 lines of output]
      running install
      running build
      running build_py
      creating build
      creating build\lib.win-amd64-3.10
      copying src\pyaudio.py -> build\lib.win-amd64-3.10
      running build_ext
      building '_portaudio' extension
      error: Microsoft Visual C++ 14.0 or greater is required. Get it with "Microsoft C++ Build Tools": https://visualstudio.microsoft.com/visual-cpp-build-tools/
      [end of output]

  note: This error originates from a subprocess, and is likely not a problem with pip.
error: legacy-install-failure

× Encountered error while trying to install package.
╰─> PyAudio

note: This is an issue with the package mentioned above, not pip.
hint: See above for output from the failure.

C:\Users\ABCD\Downloads\voice>pip install upgrade -gensim

Usage:
  pip install [options] <requirement specifier> [package-index-options] ...
  pip install [options] -r <requirements file> [package-index-options] ...
  pip install [options] [-e] <vcs project url> ...
  pip install [options] [-e] <local project path> ...
  pip install [options] <archive url/path> ...

no such option: -g

C:\Users\ABCD\Downloads\voice>



____________________________________________________

Microsoft Windows [Version 10.0.19041.1415]
(c) Microsoft Corporation. All rights reserved.

C:\Windows\system32>cd ..

C:\Windows>cd ..

C:\>cd users

C:\Users>cd ABCD

C:\Users\ABCD>cd Downlaods
The system cannot find the path specified.

C:\Users\ABCD>cd Downloads

C:\Users\ABCD\Downloads>cd voice

C:\Users\ABCD\Downloads\voice>pip install pyttsx3==2.7
Collecting pyttsx3==2.7
  Using cached pyttsx3-2.7-py3-none-any.whl (30 kB)
Installing collected packages: pyttsx3
Successfully installed pyttsx3-2.7

C:\Users\ABCD\Downloads\voice>
C:\Users\ABCD\Downloads\voice>pip install opencv-python==4.2.0.34
ERROR: Could not find a version that satisfies the requirement opencv-python==4.2.0.34 (from versions: 3.4.0.14, 3.4.10.37, 3.4.11.39, 3.4.11.41, 3.4.11.43, 3.4.11.45, 3.4.13.47, 3.4.15.55, 3.4.16.57, 3.4.16.59, 3.4.17.61, 3.4.17.63, 4.3.0.38, 4.4.0.40, 4.4.0.42, 4.4.0.44, 4.4.0.46, 4.5.1.48, 4.5.3.56, 4.5.4.58, 4.5.4.60, 4.5.5.62, 4.5.5.64)
ERROR: No matching distribution found for opencv-python==4.2.0.34

C:\Users\ABCD\Downloads\voice>pip install opencv-python
Collecting opencv-python
  Downloading opencv_python-4.5.5.64-cp36-abi3-win_amd64.whl (35.4 MB)
     ---------------------------------------- 35.4/35.4 MB 638.3 kB/s eta 0:00:00
Collecting numpy>=1.21.2
  Downloading numpy-1.22.3-cp310-cp310-win_amd64.whl (14.7 MB)
     ---------------------------------------- 14.7/14.7 MB 924.9 kB/s eta 0:00:00
Installing collected packages: numpy, opencv-python
Successfully installed numpy-1.22.3 opencv-python-4.5.5.64

C:\Users\ABCD\Downloads\voice>pip install Pillow==2.2.2
Collecting Pillow==2.2.2
  Downloading Pillow-2.2.2.zip (2.2 MB)
     ---------------------------------------- 2.2/2.2 MB 1.1 MB/s eta 0:00:00
  Preparing metadata (setup.py) ... done
Using legacy 'setup.py install' for Pillow, since package 'wheel' is not installed.
Installing collected packages: Pillow
  Attempting uninstall: Pillow
    Found existing installation: Pillow 9.1.0
    Uninstalling Pillow-9.1.0:
      Successfully uninstalled Pillow-9.1.0
  Running setup.py install for Pillow ... error
  error: subprocess-exited-with-error

  × Running setup.py install for Pillow did not run successfully.
  │ exit code: 1
  ╰─> [100 lines of output]
      running install
      running build
      running build_py
      creating build
      creating build\lib.win-amd64-3.10
      creating build\lib.win-amd64-3.10\PIL
      copying PIL\ArgImagePlugin.py -> build\lib.win-amd64-3.10\PIL
      copying PIL\BdfFontFile.py -> build\lib.win-amd64-3.10\PIL
      copying PIL\BmpImagePlugin.py -> build\lib.win-amd64-3.10\PIL
      copying PIL\BufrStubImagePlugin.py -> build\lib.win-amd64-3.10\PIL
      copying PIL\ContainerIO.py -> build\lib.win-amd64-3.10\PIL
      copying PIL\CurImagePlugin.py -> build\lib.win-amd64-3.10\PIL
      copying PIL\DcxImagePlugin.py -> build\lib.win-amd64-3.10\PIL
      copying PIL\EpsImagePlugin.py -> build\lib.win-amd64-3.10\PIL
      copying PIL\ExifTags.py -> build\lib.win-amd64-3.10\PIL
      copying PIL\FitsStubImagePlugin.py -> build\lib.win-amd64-3.10\PIL
      copying PIL\FliImagePlugin.py -> build\lib.win-amd64-3.10\PIL
      copying PIL\FontFile.py -> build\lib.win-amd64-3.10\PIL
      copying PIL\FpxImagePlugin.py -> build\lib.win-amd64-3.10\PIL
      copying PIL\GbrImagePlugin.py -> build\lib.win-amd64-3.10\PIL
      copying PIL\GdImageFile.py -> build\lib.win-amd64-3.10\PIL
      copying PIL\GifImagePlugin.py -> build\lib.win-amd64-3.10\PIL
      copying PIL\GimpGradientFile.py -> build\lib.win-amd64-3.10\PIL
      copying PIL\GimpPaletteFile.py -> build\lib.win-amd64-3.10\PIL
      copying PIL\GribStubImagePlugin.py -> build\lib.win-amd64-3.10\PIL
      copying PIL\Hdf5StubImagePlugin.py -> build\lib.win-amd64-3.10\PIL
      copying PIL\IcnsImagePlugin.py -> build\lib.win-amd64-3.10\PIL
      copying PIL\IcoImagePlugin.py -> build\lib.win-amd64-3.10\PIL
      copying PIL\Image.py -> build\lib.win-amd64-3.10\PIL
      copying PIL\ImageChops.py -> build\lib.win-amd64-3.10\PIL
      copying PIL\ImageCms.py -> build\lib.win-amd64-3.10\PIL
      copying PIL\ImageColor.py -> build\lib.win-amd64-3.10\PIL
      copying PIL\ImageDraw.py -> build\lib.win-amd64-3.10\PIL
      copying PIL\ImageDraw2.py -> build\lib.win-amd64-3.10\PIL
      copying PIL\ImageEnhance.py -> build\lib.win-amd64-3.10\PIL
      copying PIL\ImageFile.py -> build\lib.win-amd64-3.10\PIL
      copying PIL\ImageFileIO.py -> build\lib.win-amd64-3.10\PIL
      copying PIL\ImageFilter.py -> build\lib.win-amd64-3.10\PIL
      copying PIL\ImageFont.py -> build\lib.win-amd64-3.10\PIL
      copying PIL\ImageGrab.py -> build\lib.win-amd64-3.10\PIL
      copying PIL\ImageMath.py -> build\lib.win-amd64-3.10\PIL
      copying PIL\ImageMode.py -> build\lib.win-amd64-3.10\PIL
      copying PIL\ImageOps.py -> build\lib.win-amd64-3.10\PIL
      copying PIL\ImagePalette.py -> build\lib.win-amd64-3.10\PIL
      copying PIL\ImagePath.py -> build\lib.win-amd64-3.10\PIL
      copying PIL\ImageQt.py -> build\lib.win-amd64-3.10\PIL
      copying PIL\ImageSequence.py -> build\lib.win-amd64-3.10\PIL
      copying PIL\ImageShow.py -> build\lib.win-amd64-3.10\PIL
      copying PIL\ImageStat.py -> build\lib.win-amd64-3.10\PIL
      copying PIL\ImageTk.py -> build\lib.win-amd64-3.10\PIL
      copying PIL\ImageTransform.py -> build\lib.win-amd64-3.10\PIL
      copying PIL\ImageWin.py -> build\lib.win-amd64-3.10\PIL
      copying PIL\ImImagePlugin.py -> build\lib.win-amd64-3.10\PIL
      copying PIL\ImtImagePlugin.py -> build\lib.win-amd64-3.10\PIL
      copying PIL\IptcImagePlugin.py -> build\lib.win-amd64-3.10\PIL
      copying PIL\JpegImagePlugin.py -> build\lib.win-amd64-3.10\PIL
      copying PIL\JpegPresets.py -> build\lib.win-amd64-3.10\PIL
      copying PIL\McIdasImagePlugin.py -> build\lib.win-amd64-3.10\PIL
      copying PIL\MicImagePlugin.py -> build\lib.win-amd64-3.10\PIL
      copying PIL\MpegImagePlugin.py -> build\lib.win-amd64-3.10\PIL
      copying PIL\MspImagePlugin.py -> build\lib.win-amd64-3.10\PIL
      copying PIL\OleFileIO.py -> build\lib.win-amd64-3.10\PIL
      copying PIL\PaletteFile.py -> build\lib.win-amd64-3.10\PIL
      copying PIL\PalmImagePlugin.py -> build\lib.win-amd64-3.10\PIL
      copying PIL\PcdImagePlugin.py -> build\lib.win-amd64-3.10\PIL
      copying PIL\PcfFontFile.py -> build\lib.win-amd64-3.10\PIL
      copying PIL\PcxImagePlugin.py -> build\lib.win-amd64-3.10\PIL
      copying PIL\PdfImagePlugin.py -> build\lib.win-amd64-3.10\PIL
      copying PIL\PixarImagePlugin.py -> build\lib.win-amd64-3.10\PIL
      copying PIL\PngImagePlugin.py -> build\lib.win-amd64-3.10\PIL
      copying PIL\PpmImagePlugin.py -> build\lib.win-amd64-3.10\PIL
      copying PIL\PsdImagePlugin.py -> build\lib.win-amd64-3.10\PIL
      copying PIL\PSDraw.py -> build\lib.win-amd64-3.10\PIL
      copying PIL\SgiImagePlugin.py -> build\lib.win-amd64-3.10\PIL
      copying PIL\SpiderImagePlugin.py -> build\lib.win-amd64-3.10\PIL
      copying PIL\SunImagePlugin.py -> build\lib.win-amd64-3.10\PIL
      copying PIL\TarIO.py -> build\lib.win-amd64-3.10\PIL
      copying PIL\tests.py -> build\lib.win-amd64-3.10\PIL
      copying PIL\TgaImagePlugin.py -> build\lib.win-amd64-3.10\PIL
      copying PIL\TiffImagePlugin.py -> build\lib.win-amd64-3.10\PIL
      copying PIL\TiffTags.py -> build\lib.win-amd64-3.10\PIL
      copying PIL\WalImageFile.py -> build\lib.win-amd64-3.10\PIL
      copying PIL\WebPImagePlugin.py -> build\lib.win-amd64-3.10\PIL
      copying PIL\WmfImagePlugin.py -> build\lib.win-amd64-3.10\PIL
      copying PIL\XbmImagePlugin.py -> build\lib.win-amd64-3.10\PIL
      copying PIL\XpmImagePlugin.py -> build\lib.win-amd64-3.10\PIL
      copying PIL\XVThumbImagePlugin.py -> build\lib.win-amd64-3.10\PIL
      copying PIL\_binary.py -> build\lib.win-amd64-3.10\PIL
      copying PIL\_util.py -> build\lib.win-amd64-3.10\PIL
      copying PIL\__init__.py -> build\lib.win-amd64-3.10\PIL
      running egg_info
      writing Pillow.egg-info\PKG-INFO
      writing dependency_links to Pillow.egg-info\dependency_links.txt
      writing top-level names to Pillow.egg-info\top_level.txt
      reading manifest file 'Pillow.egg-info\SOURCES.txt'
      reading manifest template 'MANIFEST.in'
      writing manifest file 'Pillow.egg-info\SOURCES.txt'
      running build_ext
      building 'PIL._imaging' extension
      error: Microsoft Visual C++ 14.0 or greater is required. Get it with "Microsoft C++ Build Tools": https://visualstudio.microsoft.com/visual-cpp-build-tools/
      [end of output]

  note: This error originates from a subprocess, and is likely not a problem with pip.
  WARNING: No metadata found in c:\users\abcd\appdata\local\programs\python\python310\lib\site-packages
  Rolling back uninstall of pillow
  Moving to c:\users\abcd\appdata\local\programs\python\python310\lib\site-packages\pil\
   from C:\Users\ABCD\AppData\Local\Programs\Python\Python310\Lib\site-packages\~il
  Moving to c:\users\abcd\appdata\local\programs\python\python310\lib\site-packages\pillow-9.1.0.dist-info\
   from C:\Users\ABCD\AppData\Local\Programs\Python\Python310\Lib\site-packages\~illow-9.1.0.dist-info
error: legacy-install-failure

× Encountered error while trying to install package.
╰─> Pillow

note: This is an issue with the package mentioned above, not pip.
hint: See above for output from the failure.

C:\Users\ABCD\Downloads\voice>pip install Pillow
Requirement already satisfied: Pillow in c:\users\abcd\appdata\local\programs\python\python310\lib\site-packages (9.1.0)

C:\Users\ABCD\Downloads\voice>pillow --version
'pillow' is not recognized as an internal or external command,
operable program or batch file.

C:\Users\ABCD\Downloads\voice>pip install wikipedia
Collecting wikipedia
  Using cached wikipedia-1.4.0.tar.gz (27 kB)
  Preparing metadata (setup.py) ... done
Collecting beautifulsoup4
  Downloading beautifulsoup4-4.11.1-py3-none-any.whl (128 kB)
     ---------------------------------------- 128.2/128.2 KB 755.9 kB/s eta 0:00:00
Collecting requests<3.0.0,>=2.0.0
  Downloading requests-2.27.1-py2.py3-none-any.whl (63 kB)
     ---------------------------------------- 63.1/63.1 KB 678.1 kB/s eta 0:00:00
Collecting urllib3<1.27,>=1.21.1
  Downloading urllib3-1.26.9-py2.py3-none-any.whl (138 kB)
     ---------------------------------------- 139.0/139.0 KB 587.9 kB/s eta 0:00:00
Collecting certifi>=2017.4.17
  Downloading certifi-2021.10.8-py2.py3-none-any.whl (149 kB)
     ---------------------------------------- 149.2/149.2 KB 985.5 kB/s eta 0:00:00
Collecting charset-normalizer~=2.0.0
  Downloading charset_normalizer-2.0.12-py3-none-any.whl (39 kB)
Collecting idna<4,>=2.5
  Downloading idna-3.3-py3-none-any.whl (61 kB)
     ---------------------------------------- 61.2/61.2 KB 541.7 kB/s eta 0:00:00
Collecting soupsieve>1.2
  Downloading soupsieve-2.3.2.post1-py3-none-any.whl (37 kB)
Using legacy 'setup.py install' for wikipedia, since package 'wheel' is not installed.
Installing collected packages: certifi, urllib3, soupsieve, idna, charset-normalizer, requests, beautifulsoup4, wikipedia
  Running setup.py install for wikipedia ... done
Successfully installed beautifulsoup4-4.11.1 certifi-2021.10.8 charset-normalizer-2.0.12 idna-3.3 requests-2.27.1 soupsieve-2.3.2.post1 urllib3-1.26.9 wikipedia-1.4.0

C:\Users\ABCD\Downloads\voice>pip install pyowm
Collecting pyowm
  Downloading pyowm-3.3.0-py3-none-any.whl (4.5 MB)
     ---------------------------------------- 4.5/4.5 MB 1.0 MB/s eta 0:00:00
Collecting geojson<3,>=2.3.0
  Downloading geojson-2.5.0-py2.py3-none-any.whl (14 kB)
Requirement already satisfied: requests<3,>=2.20.0 in c:\users\abcd\appdata\local\programs\python\python310\lib\site-packages (from pyowm) (2.27.1)
Collecting PySocks<2,>=1.7.1
  Downloading PySocks-1.7.1-py3-none-any.whl (16 kB)
Requirement already satisfied: urllib3<1.27,>=1.21.1 in c:\users\abcd\appdata\local\programs\python\python310\lib\site-packages (from requests<3,>=2.20.0->pyowm) (1.26.9)
Requirement already satisfied: idna<4,>=2.5 in c:\users\abcd\appdata\local\programs\python\python310\lib\site-packages (from requests<3,>=2.20.0->pyowm) (3.3)
Requirement already satisfied: charset-normalizer~=2.0.0 in c:\users\abcd\appdata\local\programs\python\python310\lib\site-packages (from requests<3,>=2.20.0->pyowm) (2.0.12)
Requirement already satisfied: certifi>=2017.4.17 in c:\users\abcd\appdata\local\programs\python\python310\lib\site-packages (from requests<3,>=2.20.0->pyowm) (2021.10.8)
Installing collected packages: geojson, PySocks, pyowm
Successfully installed PySocks-1.7.1 geojson-2.5.0 pyowm-3.3.0

C:\Users\ABCD\Downloads\voice>pip install pillow
Requirement already satisfied: pillow in c:\users\abcd\appdata\local\programs\python\python310\lib\site-packages (9.1.0)

C:\Users\ABCD\Downloads\voice>pip install Pillow==2.2.2
Collecting Pillow==2.2.2
  Using cached Pillow-2.2.2.zip (2.2 MB)
  Preparing metadata (setup.py) ... done
Using legacy 'setup.py install' for Pillow, since package 'wheel' is not installed.
Installing collected packages: Pillow
  Attempting uninstall: Pillow
    Found existing installation: Pillow 9.1.0
    Uninstalling Pillow-9.1.0:
      Successfully uninstalled Pillow-9.1.0
  Running setup.py install for Pillow ... error
  error: subprocess-exited-with-error

  × Running setup.py install for Pillow did not run successfully.
  │ exit code: 1
  ╰─> [100 lines of output]
      running install
      running build
      running build_py
      creating build
      creating build\lib.win-amd64-3.10
      creating build\lib.win-amd64-3.10\PIL
      copying PIL\ArgImagePlugin.py -> build\lib.win-amd64-3.10\PIL
      copying PIL\BdfFontFile.py -> build\lib.win-amd64-3.10\PIL
      copying PIL\BmpImagePlugin.py -> build\lib.win-amd64-3.10\PIL
      copying PIL\BufrStubImagePlugin.py -> build\lib.win-amd64-3.10\PIL
      copying PIL\ContainerIO.py -> build\lib.win-amd64-3.10\PIL
      copying PIL\CurImagePlugin.py -> build\lib.win-amd64-3.10\PIL
      copying PIL\DcxImagePlugin.py -> build\lib.win-amd64-3.10\PIL
      copying PIL\EpsImagePlugin.py -> build\lib.win-amd64-3.10\PIL
      copying PIL\ExifTags.py -> build\lib.win-amd64-3.10\PIL
      copying PIL\FitsStubImagePlugin.py -> build\lib.win-amd64-3.10\PIL
      copying PIL\FliImagePlugin.py -> build\lib.win-amd64-3.10\PIL
      copying PIL\FontFile.py -> build\lib.win-amd64-3.10\PIL
      copying PIL\FpxImagePlugin.py -> build\lib.win-amd64-3.10\PIL
      copying PIL\GbrImagePlugin.py -> build\lib.win-amd64-3.10\PIL
      copying PIL\GdImageFile.py -> build\lib.win-amd64-3.10\PIL
      copying PIL\GifImagePlugin.py -> build\lib.win-amd64-3.10\PIL
      copying PIL\GimpGradientFile.py -> build\lib.win-amd64-3.10\PIL
      copying PIL\GimpPaletteFile.py -> build\lib.win-amd64-3.10\PIL
      copying PIL\GribStubImagePlugin.py -> build\lib.win-amd64-3.10\PIL
      copying PIL\Hdf5StubImagePlugin.py -> build\lib.win-amd64-3.10\PIL
      copying PIL\IcnsImagePlugin.py -> build\lib.win-amd64-3.10\PIL
      copying PIL\IcoImagePlugin.py -> build\lib.win-amd64-3.10\PIL
      copying PIL\Image.py -> build\lib.win-amd64-3.10\PIL
      copying PIL\ImageChops.py -> build\lib.win-amd64-3.10\PIL
      copying PIL\ImageCms.py -> build\lib.win-amd64-3.10\PIL
      copying PIL\ImageColor.py -> build\lib.win-amd64-3.10\PIL
      copying PIL\ImageDraw.py -> build\lib.win-amd64-3.10\PIL
      copying PIL\ImageDraw2.py -> build\lib.win-amd64-3.10\PIL
      copying PIL\ImageEnhance.py -> build\lib.win-amd64-3.10\PIL
      copying PIL\ImageFile.py -> build\lib.win-amd64-3.10\PIL
      copying PIL\ImageFileIO.py -> build\lib.win-amd64-3.10\PIL
      copying PIL\ImageFilter.py -> build\lib.win-amd64-3.10\PIL
      copying PIL\ImageFont.py -> build\lib.win-amd64-3.10\PIL
      copying PIL\ImageGrab.py -> build\lib.win-amd64-3.10\PIL
      copying PIL\ImageMath.py -> build\lib.win-amd64-3.10\PIL
      copying PIL\ImageMode.py -> build\lib.win-amd64-3.10\PIL
      copying PIL\ImageOps.py -> build\lib.win-amd64-3.10\PIL
      copying PIL\ImagePalette.py -> build\lib.win-amd64-3.10\PIL
      copying PIL\ImagePath.py -> build\lib.win-amd64-3.10\PIL
      copying PIL\ImageQt.py -> build\lib.win-amd64-3.10\PIL
      copying PIL\ImageSequence.py -> build\lib.win-amd64-3.10\PIL
      copying PIL\ImageShow.py -> build\lib.win-amd64-3.10\PIL
      copying PIL\ImageStat.py -> build\lib.win-amd64-3.10\PIL
      copying PIL\ImageTk.py -> build\lib.win-amd64-3.10\PIL
      copying PIL\ImageTransform.py -> build\lib.win-amd64-3.10\PIL
      copying PIL\ImageWin.py -> build\lib.win-amd64-3.10\PIL
      copying PIL\ImImagePlugin.py -> build\lib.win-amd64-3.10\PIL
      copying PIL\ImtImagePlugin.py -> build\lib.win-amd64-3.10\PIL
      copying PIL\IptcImagePlugin.py -> build\lib.win-amd64-3.10\PIL
      copying PIL\JpegImagePlugin.py -> build\lib.win-amd64-3.10\PIL
      copying PIL\JpegPresets.py -> build\lib.win-amd64-3.10\PIL
      copying PIL\McIdasImagePlugin.py -> build\lib.win-amd64-3.10\PIL
      copying PIL\MicImagePlugin.py -> build\lib.win-amd64-3.10\PIL
      copying PIL\MpegImagePlugin.py -> build\lib.win-amd64-3.10\PIL
      copying PIL\MspImagePlugin.py -> build\lib.win-amd64-3.10\PIL
      copying PIL\OleFileIO.py -> build\lib.win-amd64-3.10\PIL
      copying PIL\PaletteFile.py -> build\lib.win-amd64-3.10\PIL
      copying PIL\PalmImagePlugin.py -> build\lib.win-amd64-3.10\PIL
      copying PIL\PcdImagePlugin.py -> build\lib.win-amd64-3.10\PIL
      copying PIL\PcfFontFile.py -> build\lib.win-amd64-3.10\PIL
      copying PIL\PcxImagePlugin.py -> build\lib.win-amd64-3.10\PIL
      copying PIL\PdfImagePlugin.py -> build\lib.win-amd64-3.10\PIL
      copying PIL\PixarImagePlugin.py -> build\lib.win-amd64-3.10\PIL
      copying PIL\PngImagePlugin.py -> build\lib.win-amd64-3.10\PIL
      copying PIL\PpmImagePlugin.py -> build\lib.win-amd64-3.10\PIL
      copying PIL\PsdImagePlugin.py -> build\lib.win-amd64-3.10\PIL
      copying PIL\PSDraw.py -> build\lib.win-amd64-3.10\PIL
      copying PIL\SgiImagePlugin.py -> build\lib.win-amd64-3.10\PIL
      copying PIL\SpiderImagePlugin.py -> build\lib.win-amd64-3.10\PIL
      copying PIL\SunImagePlugin.py -> build\lib.win-amd64-3.10\PIL
      copying PIL\TarIO.py -> build\lib.win-amd64-3.10\PIL
      copying PIL\tests.py -> build\lib.win-amd64-3.10\PIL
      copying PIL\TgaImagePlugin.py -> build\lib.win-amd64-3.10\PIL
      copying PIL\TiffImagePlugin.py -> build\lib.win-amd64-3.10\PIL
      copying PIL\TiffTags.py -> build\lib.win-amd64-3.10\PIL
      copying PIL\WalImageFile.py -> build\lib.win-amd64-3.10\PIL
      copying PIL\WebPImagePlugin.py -> build\lib.win-amd64-3.10\PIL
      copying PIL\WmfImagePlugin.py -> build\lib.win-amd64-3.10\PIL
      copying PIL\XbmImagePlugin.py -> build\lib.win-amd64-3.10\PIL
      copying PIL\XpmImagePlugin.py -> build\lib.win-amd64-3.10\PIL
      copying PIL\XVThumbImagePlugin.py -> build\lib.win-amd64-3.10\PIL
      copying PIL\_binary.py -> build\lib.win-amd64-3.10\PIL
      copying PIL\_util.py -> build\lib.win-amd64-3.10\PIL
      copying PIL\__init__.py -> build\lib.win-amd64-3.10\PIL
      running egg_info
      writing Pillow.egg-info\PKG-INFO
      writing dependency_links to Pillow.egg-info\dependency_links.txt
      writing top-level names to Pillow.egg-info\top_level.txt
      reading manifest file 'Pillow.egg-info\SOURCES.txt'
      reading manifest template 'MANIFEST.in'
      writing manifest file 'Pillow.egg-info\SOURCES.txt'
      running build_ext
      building 'PIL._imaging' extension
      error: Microsoft Visual C++ 14.0 or greater is required. Get it with "Microsoft C++ Build Tools": https://visualstudio.microsoft.com/visual-cpp-build-tools/
      [end of output]

  note: This error originates from a subprocess, and is likely not a problem with pip.
  WARNING: No metadata found in c:\users\abcd\appdata\local\programs\python\python310\lib\site-packages
  Rolling back uninstall of pillow
  Moving to c:\users\abcd\appdata\local\programs\python\python310\lib\site-packages\pil\
   from C:\Users\ABCD\AppData\Local\Programs\Python\Python310\Lib\site-packages\~il
  Moving to c:\users\abcd\appdata\local\programs\python\python310\lib\site-packages\pillow-9.1.0.dist-info\
   from C:\Users\ABCD\AppData\Local\Programs\Python\Python310\Lib\site-packages\~illow-9.1.0.dist-info
error: legacy-install-failure

× Encountered error while trying to install package.
╰─> Pillow

note: This is an issue with the package mentioned above, not pip.
hint: See above for output from the failure.

C:\Users\ABCD\Downloads\voice>pip install pillow
Requirement already satisfied: pillow in c:\users\abcd\appdata\local\programs\python\python310\lib\site-packages (9.1.0)

C:\Users\ABCD\Downloads\voice>